// Jest Snapshot v1, https://goo.gl/fbAQLP

exports[`<HelmetWrapper  /> should match snapshot 1`] = `null`;
