// Jest Snapshot v1, https://goo.gl/fbAQLP

exports[`<HomePage/> should match snapshot 1`] = `
<div>
  <p>
    Home Page
  </p>
</div>
`;
